{
    "cnv1": {
        "content": [
            "ResolveOME-test-bam1_CNV1.tsv:md5,9a867145453b60540a13b5ea56278517"
        ],
        "timestamp": "2024-11-04T12:11:48+0000"
    }
}